// Jest Snapshot v1, https://goo.gl/fbAQLP

exports[`ErrorBoundary should render 1`] = `
<div>
  <p>
    Something went wrong.
  </p>
</div>
`;
