// Jest Snapshot v1, https://goo.gl/fbAQLP

exports[`Core should render 1`] = `
<div>
  Website
</div>
`;
